// Jest Snapshot v1, https://goo.gl/fbAQLP

exports[`<RouletteScreen /> renders correctly 1`] = `
<View>
  <Text>
    Roulette
  </Text>
</View>
`;
