// Jest Snapshot v1, https://goo.gl/fbAQLP

exports[`<SlotMachineScreen /> renders correctly 1`] = `
<View>
  <Text>
    SlotMachine
  </Text>
</View>
`;
